// Jest Snapshot v1, https://goo.gl/fbAQLP

exports[`Country component renders correctly 1`] = `ShallowWrapper {}`;

exports[`Country component renders correctly 2`] = `ShallowWrapper {}`;

exports[`Country render component The render is correct 1`] = `
<div>
  <a
    href="/Kenya"
    onClick={[Function]}
  >
    <div>
      Flag
      <svg
        fill="currentColor"
        height="1em"
        stroke="currentColor"
        strokeWidth="0"
        style={
          Object {
            "color": undefined,
          }
        }
        viewBox="0 0 16 16"
        width="1em"
        xmlns="http://www.w3.org/2000/svg"
      >
        <path
          d="M1 8a7 7 0 1 0 14 0A7 7 0 0 0 1 8zm15 0A8 8 0 1 1 0 8a8 8 0 0 1 16 0zM4.5 7.5a.5.5 0 0 0 0 1h5.793l-2.147 2.146a.5.5 0 0 0 .708.708l3-3a.5.5 0 0 0 0-.708l-3-3a.5.5 0 1 0-.708.708L10.293 7.5H4.5z"
          fillRule="evenodd"
        />
      </svg>
    </div>
    <p>
      Kenya
    </p>
    <p>
      50000000
    </p>
  </a>
</div>
`;

exports[`Country render component The render is correct 2`] = `
<div>
  <a
    href="/Uganda"
    onClick={[Function]}
  >
    <div>
      Flag
      <svg
        fill="currentColor"
        height="1em"
        stroke="currentColor"
        strokeWidth="0"
        style={
          Object {
            "color": undefined,
          }
        }
        viewBox="0 0 16 16"
        width="1em"
        xmlns="http://www.w3.org/2000/svg"
      >
        <path
          d="M1 8a7 7 0 1 0 14 0A7 7 0 0 0 1 8zm15 0A8 8 0 1 1 0 8a8 8 0 0 1 16 0zM4.5 7.5a.5.5 0 0 0 0 1h5.793l-2.147 2.146a.5.5 0 0 0 .708.708l3-3a.5.5 0 0 0 0-.708l-3-3a.5.5 0 1 0-.708.708L10.293 7.5H4.5z"
          fillRule="evenodd"
        />
      </svg>
    </div>
    <p>
      Uganda
    </p>
    <p>
      35000000
    </p>
  </a>
</div>
`;
